// Jest Snapshot v1, https://goo.gl/fbAQLP

exports[`renders as expected 1`] = `
.emotion-2 {
  margin-bottom: 8px;
}

.emotion-0 {
  font-size: 0.875rem;
  font-weight: 500;
  margin-right: 8px;
  margin-bottom: 4px;
  display: inline-block;
}

.emotion-1 {
  border-radius: 2px;
  border: 1px solid #bdbdbd;
  padding-left: 8px;
  padding-right: 8px;
  padding-top: 4px;
  padding-bottom: 4px;
  font-size: 1rem;
  font-family: 'Open Sans',Helvetica,Arial,sans-serif;
  font-weight: 300;
  line-height: 1.5;
  width: 100%;
  display: block;
}

.emotion-1::-webkit-input-placeholder {
  font-style: italic;
  color: var(--theme-ui-colors-ui-gray-dark,#616161);
  font-size: 0.875rem;
}

.emotion-1::-moz-placeholder {
  font-style: italic;
  color: var(--theme-ui-colors-ui-gray-dark,#616161);
  font-size: 0.875rem;
}

.emotion-1:-ms-input-placeholder {
  font-style: italic;
  color: var(--theme-ui-colors-ui-gray-dark,#616161);
  font-size: 0.875rem;
}

.emotion-1::placeholder {
  font-style: italic;
  color: var(--theme-ui-colors-ui-gray-dark,#616161);
  font-size: 0.875rem;
}

<div
  class="emotion-2"
  role="group"
>
  <label
    class="emotion-0"
    for="input-name"
  >
    Email
  </label>
  <input
    aria-describedby="input-name-errors"
    aria-label="input-name input"
    class="emotion-1"
    id="input-name"
    name="input-name"
    type="text"
  />
</div>
`;
