// Jest Snapshot v1, https://goo.gl/fbAQLP

exports[`select matches snapshot 1`] = `
.emotion-2 {
  position: relative;
}

.emotion-0 {
  -webkit-appearance: none;
  -moz-appearance: none;
  -ms-appearance: none;
  appearance: none;
  width: 100%;
  padding-left: 8px;
  padding-right: 2rem;
  padding-top: 4px;
  padding-bottom: 4px;
  border: 1px solid #bdbdbd;
  border-radius: 2px;
  font-family: 'Open Sans',Helvetica,Arial,sans-serif;
  font-size: 0.875rem;
  font-weight: 300;
  line-height: 1.5;
}

.emotion-1 {
  position: absolute;
  height: 100%;
  width: 1.75rem;
  right: 0.25rem;
  pointer-events: none;
}

<div
  class="emotion-2"
>
  <select
    class="emotion-0"
  >
    <option>
      op 1
    </option>
  </select>
  <svg
    class="emotion-1"
    fill="currentColor"
    height="1em"
    viewBox="0 0 24 24"
    width="1em"
  >
    <path
      d="M24 24H0V0h24v24z"
      fill="none"
      opacity="0.87"
    />
    <path
      d="M16.59 8.59L12 13.17 7.41 8.59 6 10l6 6 6-6-1.41-1.41z"
    />
  </svg>
</div>
`;
